
> e-learnigkhmer@0.1.0 build
> tsc -b && vite build

[36mvite v8.0.11 [32mbuilding client environment for production...[36m[39m
[2K
transforming...Γ£ô 2207 modules transformed.
node.exe : [31mΓ£ù[39m Build failed in 2.83s
At line:1 char:1
+ & "C:\Program Files\nodejs/node.exe" "C:\Program Files\nodejs/node_mo ...
+ ~~~~~~~~~~~~~~~~~~~~~~~~~~~~~~~~~~~~~~~~~~~~~~~~~~~~~~~~~~~~~~~~~~~~~
    + CategoryInfo          : NotSpecified: ([31mΓ£ù[39m Build failed in 2.83s:String) [], RemoteException
    + FullyQualifiedErrorId : NativeCommandError
 
[31merror during build:
[31mBuild failed with 1 error:

[plugin @tailwindcss/vite:generate:build] C:/Users/ADMIN/Desktop/e-learnigkhmer/src/app/globals.css
CssSyntaxError: Missing opening {
    at Ve (file:///C:/Users/ADMIN/Desktop/e-learnigkhmer/node_modules/@tailwindcss/vite/node_modules/tailwindcss/dist/l
ib.mjs:1:3137)
    at wf (file:///C:/Users/ADMIN/Desktop/e-learnigkhmer/node_modules/@tailwindcss/vite/node_modules/tailwindcss/dist/l
ib.mjs:38:1384)
    at su (file:///C:/Users/ADMIN/Desktop/e-learnigkhmer/node_modules/@tailwindcss/vite/node_modules/@tailwindcss/node/
dist/index.mjs:10:3463)
    at _.generate (file:///C:/Users/ADMIN/Desktop/e-learnigkhmer/node_modules/@tailwindcss/vite/dist/index.mjs:1:5627)
    at TransformPluginContextImpl.handler 
(file:///C:/Users/ADMIN/Desktop/e-learnigkhmer/node_modules/@tailwindcss/vite/dist/index.mjs:1:4350)
    at TransformPluginContextImpl.handler 
(file:///C:/Users/ADMIN/Desktop/e-learnigkhmer/node_modules/vite/dist/node/chunks/node.js:33276:13)
    at plugin (file:///C:/Users/ADMIN/Desktop/e-learnigkhmer/node_modules/rolldown/dist/shared/bindingify-input-options
-DQ2Xw70P.mjs:1172:30)
    at plugin.<computed> (file:///C:/Users/ADMIN/Desktop/e-learnigkhmer/node_modules/rolldown/dist/shared/bindingify-in
put-options-DQ2Xw70P.mjs:1612:18)[31m
    at aggregateBindingErrorsIntoJsError 
(file:///C:/Users/ADMIN/Desktop/e-learnigkhmer/node_modules/rolldown/dist/shared/error-D4ASW9r2.mjs:48:18)
    at unwrapBindingResult 
(file:///C:/Users/ADMIN/Desktop/e-learnigkhmer/node_modules/rolldown/dist/shared/error-D4ASW9r2.mjs:18:128)
    at #build 
(file:///C:/Users/ADMIN/Desktop/e-learnigkhmer/node_modules/rolldown/dist/shared/rolldown-build-CorVA9v1.mjs:3255:34)
    at async buildEnvironment 
(file:///C:/Users/ADMIN/Desktop/e-learnigkhmer/node_modules/vite/dist/node/chunks/node.js:33033:64)
    at async Object.build 
(file:///C:/Users/ADMIN/Desktop/e-learnigkhmer/node_modules/vite/dist/node/chunks/node.js:33455:19)
    at async Object.buildApp 
(file:///C:/Users/ADMIN/Desktop/e-learnigkhmer/node_modules/vite/dist/node/chunks/node.js:33452:153)
    at async CAC.<anonymous> (file:///C:/Users/ADMIN/Desktop/e-learnigkhmer/node_modules/vite/dist/node/cli.js:778:3) {
  errors: [Getter/Setter]
}[39m
